#./src/main/resources/Entities.map
#Mon Jun 24 16:41:16 CEST 2019
application3=835
personalDataRookie2Copy3=797
application2=834
personalDataRookie2Copy2=795
application1=837
personalData1Rookie1Copy=785
educationalDataRookie1=781
item4=803
item3=802
item2=801
personalDataRookie2=791
item1=800
mokejima3TEST=812
provider2=799
provider1=798
socialProfileAdmin1=770
audit3=809
audit2=808
audit1=807
userAccount10=769
miscellaneousDataRookie1=779
mokejima2TEST=811
personalData1Rookie1=780
personalDataRookie2Copy=793
curricula1Rookie1=778
position5=818
problem6=824
position4=817
problem5=823
position3=816
problem4=822
position2=815
problem3=821
position1=814
problem2=820
problem1=819
company2=773
configuration1=825
company1=771
mokejima1TEST=810
curriculaRookie2Copy3=796
curriculaRookie2Copy2=794
curricula1Rookie1Copy=783
socialProfileRookie1=775
positionDataRookie1Copy=787
admin1=826
finderRookie2=777
finderRookie1=776
educationalDataRookie1Copy=786
message3=829
message2=827
curriculaRookie2=790
curriculaRookie2Copy=792
message1=772
personalData2Rookie1=789
miscellaneousDataRookie1Copy=784
socialProfileCompany1=774
sponsorship4=833
sponsorship3=832
sponsorship2=831
sponsorship1=830
positionDataRookie1=782
rookie2=828
rookie1=836
userAccount9=768
userAccount8=767
userAccount7=766
userAccount6=765
userAccount5=764
userAccount4=763
userAccount3=762
userAccount2=761
userAccount1=760
mokejima4TEST=813
auditor3=806
curricula2Rookie1=788
auditor2=805
auditor1=804
