#./src/main/resources/Entities.map
#Sun Jun 23 19:51:55 CEST 2019
application4=903
application3=902
personalDataRookie2Copy3=864
application2=901
personalDataRookie2Copy2=862
application1=905
personalData1Rookie1Copy=852
educationalDataRookie1=848
xxxx3TEST=879
item4=870
item3=869
item2=868
personalDataRookie2=858
item1=867
provider2=866
provider1=865
xxxx2TEST=878
socialProfileAdmin1=837
audit3=876
audit2=875
audit1=874
userAccount10=836
miscellaneousDataRookie1=846
personalData1Rookie1=847
personalDataRookie2Copy=860
curricula1Rookie1=845
xxxx1TEST=877
position5=885
problem6=891
position4=884
problem5=890
position3=883
problem4=889
position2=882
problem3=888
position1=881
problem2=887
problem1=886
company2=840
configuration1=892
company1=838
curriculaRookie2Copy3=863
curriculaRookie2Copy2=861
curricula1Rookie1Copy=850
socialProfileRookie1=842
positionDataRookie1Copy=854
admin1=893
finderRookie2=844
finderRookie1=843
educationalDataRookie1Copy=853
message3=896
message2=894
curriculaRookie2=857
curriculaRookie2Copy=859
message1=839
personalData2Rookie1=856
miscellaneousDataRookie1Copy=851
xxxx4TEST=880
socialProfileCompany1=841
sponsorship4=900
sponsorship3=899
sponsorship2=898
sponsorship1=897
positionDataRookie1=849
rookie2=895
rookie1=904
userAccount9=835
userAccount8=834
userAccount7=833
userAccount6=832
userAccount5=831
userAccount4=830
userAccount3=829
userAccount2=828
userAccount1=827
auditor3=873
curricula2Rookie1=855
auditor2=872
auditor1=871
